// Jest Snapshot v1, https://goo.gl/fbAQLP

exports[`Spinner component renders without crashing 1`] = `"<div class=\\"css-yprxax-StyledSpinnerContainer ed18nn70\\"><i class=\\"css-55asu9-ThemedStyledSpinner ed18nn71 \\"></i><div data-testid=\\"stMarkdownContainer\\" class=\\"css-1cwy3ln-StyledStreamlitMarkdown eqr7zpz4\\"><p>Loading...</p></div></div>"`;
