// Jest Snapshot v1, https://goo.gl/fbAQLP

exports[`DeckGlChart Element should have a DeckGL 1`] = `Array []`;

exports[`DeckGlChart Element should have a DeckGL: initialViewState 1`] = `
Object {
  "bearing": 0,
  "height": 500,
  "latitude": 37.76,
  "longitude": -122.4,
  "pitch": 50,
  "width": 698,
  "zoom": 11,
}
`;
