// Vitest Snapshot v1, https://vitest.dev/guide/snapshot.html

exports[`DeployErrorDialog - DetachedHead > should render without crashing 1`] = `
{
  "body": <React.Fragment>
    <p>
      This Git tree is in a detached HEAD state.
    </p>
    <p>
      Please commit the latest changes and push to GitHub to continue.
    </p>
  </React.Fragment>,
  "title": "Unable to deploy",
}
`;
