// Vitest Snapshot v1, https://vitest.dev/guide/snapshot.html

exports[`DeployErrorDialog - NoRepositoryDetected > should render without crashing 1`] = `
{
  "body": <Styled(p)>
    The app’s code is not connected to a remote GitHub repository. To deploy on Streamlit Community Cloud, please put your code in a GitHub repository and publish the current branch. Read more in
     
    <a
      href="https://share.streamlit.io/cloud-getting-started"
      rel="noopener noreferrer"
      target="_blank"
    >
      our documentation
    </a>
    .
  </Styled(p)>,
  "title": "Unable to deploy",
}
`;
