// Jest Snapshot v1, https://goo.gl/fbAQLP

exports[`ExceptionElement Element renders without crashing 1`] = `"<div class=\\"stException\\"><div role=\\"alert\\" data-baseweb=\\"notification\\" class=\\"\\"><div class=\\"\\"><div class=\\"css-1ukqaz3-StyledAlertContent e1e4pi9i0\\"><div class=\\"message\\"><span class=\\"css-16kzg6a-StyledMessageType e1dl0tyv2\\">RuntimeError</span>: This is an exception of type RuntimeError</div><div class=\\"css-i19xpg-StyledStackTraceTitle e1dl0tyv1\\">Traceback:</div><pre class=\\"css-7aevv7-StyledStackTrace e1dl0tyv0\\"><code><div class=\\"css-j3p1f6-StyledStackTraceRow e1dl0tyv3\\">step 1</div><div class=\\"css-j3p1f6-StyledStackTraceRow e1dl0tyv3\\">step 2</div><div class=\\"css-j3p1f6-StyledStackTraceRow e1dl0tyv3\\">step 3</div></code></pre></div></div></div></div>"`;

exports[`ExceptionElement Element should render markdown when it has messageIsMarkdown 1`] = `
Object {
  "allowHTML": false,
  "source": "**RuntimeError**: This is an exception of type RuntimeError",
}
`;
