// Jest Snapshot v1, https://goo.gl/fbAQLP

exports[`ExceptionElement Element renders without crashing 1`] = `"<div class=\\"stException\\"><div role=\\"alert\\" data-baseweb=\\"notification\\" class=\\"\\"><div class=\\"\\"><div class=\\"css-1nluyg4-StyledAlertContent e13vu3m50\\"><div class=\\"message\\"><span class=\\"css-7yzkdt-StyledMessageType e1m3hlzs1\\">RuntimeError</span>: This is an exception of type RuntimeError</div><div class=\\"css-1v39qrn-StyledStackTraceTitle e1m3hlzs2\\">Traceback:</div><pre class=\\"css-n7xsgj-StyledStackTrace e1m3hlzs3\\"><code><div class=\\"css-j3p1f6-StyledStackTraceRow e1m3hlzs0\\">step 1</div><div class=\\"css-j3p1f6-StyledStackTraceRow e1m3hlzs0\\">step 2</div><div class=\\"css-j3p1f6-StyledStackTraceRow e1m3hlzs0\\">step 3</div></code></pre></div></div></div></div>"`;

exports[`ExceptionElement Element should render markdown when it has messageIsMarkdown 1`] = `
Object {
  "allowHTML": false,
  "source": "**RuntimeError**: This is an exception of type RuntimeError",
}
`;
