// Jest Snapshot v1, https://goo.gl/fbAQLP

exports[`DeployErrorDialog - RepoIsAhead should render without crashing 1`] = `
Object {
  "body": <StyledParagraph>
    The Git repo has uncommitted changes. You may want to commit them before continuing.
  </StyledParagraph>,
  "title": "Unsynced changes",
}
`;
