// Jest Snapshot v1, https://goo.gl/fbAQLP

exports[`ProgressBar component sets the value correctly 1`] = `
<div
  aria-label="75% Loaded"
  aria-valuemax="100"
  aria-valuemin="0"
  aria-valuenow="75"
  class=""
  data-baseweb="progress-bar"
  role="progressbar"
>
  <div
    class=""
  >
    <div
      class=""
    >
      <div
        class=""
      />
    </div>
  </div>
</div>
`;
