// Vitest Snapshot v1, https://vitest.dev/guide/snapshot.html

exports[`CustomCodeTag Element > should trim leading and final newlines 1`] = `
<body>
  <div>
    <div
      class="stCode css-1ydllgh e1mha0dk4"
      data-testid="stCode"
    >
      <pre
        class="css-14drx84 e1mha0dk2"
      >
        <div
          style="background-color: transparent;"
        >
          <code
            style="white-space: pre;"
          >
            <span>
                    def hello():

            </span>
                      print("Hello, Streamlit!")
          </code>
        </div>
      </pre>
      <div
        class="css-chk1w8 e1mha0dk3"
      >
        <button
          class="css-1ccyvjs e1mha0dk5"
          data-clipboard-text="      def hello():
          print("Hello, Streamlit!")"
          data-testid="stCodeCopyButton"
          style="top: 0px; right: 0px;"
          title="Copy to clipboard"
        >
          <svg
            fill="none"
            height="16"
            stroke="currentColor"
            stroke-linecap="round"
            stroke-linejoin="round"
            stroke-width="2"
            viewBox="0 0 24 24"
            width="16"
            xmlns="http://www.w3.org/2000/svg"
          >
            <rect
              height="13"
              rx="2"
              ry="2"
              width="13"
              x="9"
              y="9"
            />
            <path
              d="M5 15H4a2 2 0 0 1-2-2V4a2 2 0 0 1 2-2h9a2 2 0 0 1 2 2v1"
            />
          </svg>
        </button>
      </div>
    </div>
  </div>
</body>
`;
