// Jest Snapshot v1, https://goo.gl/fbAQLP

exports[`Spinner component renders without crashing 1`] = `"<div class=\\"css-kccjj6-StyledSpinnerContainer e17lx80j1\\"><div class=\\"css-il3x39-ThemedStyledSpinner e17lx80j0 \\"></div><div data-testid=\\"stMarkdownContainer\\" class=\\"css-1wt8t7i-StyledStreamlitMarkdown e16nr0p30\\"><p>Loading...</p></div></div>"`;
