// Jest Snapshot v1, https://goo.gl/fbAQLP

exports[`Spinner component renders without crashing 1`] = `"<div class=\\"css-yprxax-StyledSpinnerContainer e1beuj8b0\\"><i class=\\"css-55asu9-ThemedStyledSpinner e1beuj8b1 \\"></i><div data-testid=\\"stMarkdownContainer\\" class=\\"css-1cwy3ln-StyledStreamlitMarkdown e1ccj36j4\\"><p>Loading...</p></div></div>"`;
