// Jest Snapshot v1, https://goo.gl/fbAQLP

exports[`DeployErrorDialog - ModuleIsNotAdded should render without crashing 1`] = `
Object {
  "body": <StyledParagraph>
    The app’s main file 
    <code>
      module
    </code>
     has not been pushed to GitHub. Please add it to continue.
  </StyledParagraph>,
  "title": "Unable to deploy",
}
`;
