// Jest Snapshot v1, https://goo.gl/fbAQLP

exports[`DeployErrorDialog - RepoIsAhead should render without crashing 1`] = `
Object {
  "body": <React.Fragment>
    <p>
      Your repository 
      <code>
        reponame
      </code>
       has uncommitted changes.
    </p>
    <p>
      Please commit the latest changes and push to GitHub to continue.
    </p>
  </React.Fragment>,
  "title": "Unable to deploy app",
}
`;
