// Jest Snapshot v1, https://goo.gl/fbAQLP

exports[`SettingsDialog renders without crashing 1`] = `
<Modal
  isOpen={true}
  onClose={[Function]}
>
  <ModalHeader>
    Settings
  </ModalHeader>
  <ModalBody>
    <h3>
      Appearance
    </h3>
    <label>
      <input
        checked={false}
        name="wideMode"
        onChange={[Function]}
        type="checkbox"
      />
       
      Wide mode
    </label>
    <div>
      <StyledSmall>
        Turn on to make this app occupy the entire width of the screen
      </StyledSmall>
    </div>
    <StyledLabel>
      Theme
    </StyledLabel>
    <StyledSmall>
      Choose app and font colors/styles
    </StyledSmall>
    <Selectbox
      disabled={false}
      onChange={[Function]}
      options={
        Array [
          "Light",
          "Dark",
        ]
      }
      value={0}
    />
    <ThemeCreator
      label="Edit Existing Custom Theme"
      themeInput={
        Object {
          "backgroundColor": "#FFFFFF",
          "font": "IBM Plex Sans, sans-serif",
          "name": "Light",
          "primaryColor": "#f63366",
          "secondaryBackgroundColor": "#f0f2f6",
          "secondaryColor": "#a3a8b8",
          "textColor": "#262730",
        }
      }
      updateThemeInput={[Function]}
    />
  </ModalBody>
</Modal>
`;
