// Jest Snapshot v1, https://goo.gl/fbAQLP

exports[`Renders ThemeCreator Renders opened theme creator 1`] = `
<StyledThemeCreatorWrapper>
  <StyledHr />
  <StyledHeader>
    Edit active theme
  </StyledHeader>
  <p>
    Changes exist for the duration of a session. To discard changes and recover the original themes, refresh the page.
  </p>
  <StyledThemeCreator>
    <StyledThemeColorPicker
      disabled={false}
      label="Primary color"
      onChange={[Function]}
      showValue={true}
      value="#F63366"
    />
    <StyledThemeDesc>
      Primary accent color for interactive elements.
    </StyledThemeDesc>
    <StyledThemeColorPicker
      disabled={false}
      label="Background color"
      onChange={[Function]}
      showValue={true}
      value="#FFFFFF"
    />
    <StyledThemeDesc>
      Background color for the main content area.
    </StyledThemeDesc>
    <StyledThemeColorPicker
      disabled={false}
      label="Secondary background color"
      onChange={[Function]}
      showValue={true}
      value="#F0F2F6"
    />
    <StyledThemeDesc>
      Background color used for the sidebar and most interactive widgets.
    </StyledThemeDesc>
    <StyledThemeColorPicker
      disabled={false}
      label="Text color"
      onChange={[Function]}
      showValue={true}
      value="#262730"
    />
    <StyledThemeDesc>
      Color used for almost all text.
    </StyledThemeDesc>
    <Selectbox
      disabled={false}
      label="Font family"
      onChange={[Function]}
      options={
        Array [
          "Sans serif",
          "Serif",
          "Monospace",
        ]
      }
      showValue={false}
      value={0}
    />
    <StyledThemeDesc>
      Font family for all text in the app, except code blocks.
    </StyledThemeDesc>
  </StyledThemeCreator>
  <StyledSmall>
    To save this theme, paste it into the 
    <code>
      [theme]
    </code>
     section of your 
    <code>
      .streamlit/config.toml
    </code>
     file.
  </StyledSmall>
  <StyledButtonContainer>
    <Button
      kind="primary"
      onClick={[Function]}
    >
      Copy theme to clipboard
    </Button>
  </StyledButtonContainer>
</StyledThemeCreatorWrapper>
`;

exports[`Renders ThemeCreator renders closed theme creator without custom theme 1`] = `
<StyledThemeCreatorWrapper>
  <Button
    kind="primary"
    onClick={[Function]}
  >
    Edit active theme
  </Button>
</StyledThemeCreatorWrapper>
`;
