// Jest Snapshot v1, https://goo.gl/fbAQLP

exports[`Renders ThemeCreatorDialog renders theme creator dialog 1`] = `
<Modal
  animate={false}
  isOpen={true}
  onClose={[MockFunction]}
>
  <StyledBackButton
    onClick={[Function]}
  />
  <ModalBody>
    <p>
      Changes exist for the duration of a session. To discard changes and recover the original themes, refresh the page.
    </p>
    <StyledThemeCreator>
      <StyledThemeCreatorColors>
        <StyledThemeCreatorColumn>
          <ThemeOption
            name="primaryColor"
            value="#f63366"
          />
          <ThemeOption
            name="textColor"
            value="#262730"
          />
        </StyledThemeCreatorColumn>
        <StyledThemeCreatorColumn>
          <ThemeOption
            name="backgroundColor"
            value="#FFFFFF"
          />
          <ThemeOption
            name="secondaryBackgroundColor"
            value="#f0f2f6"
          />
        </StyledThemeCreatorColumn>
      </StyledThemeCreatorColors>
      <ThemeOption
        name="font"
        value="0"
      />
    </StyledThemeCreator>
    <StyledSmall>
      To save this theme, paste it into the 
      <code>
        [theme]
      </code>
       section of your 
      <code>
        .streamlit/config.toml
      </code>
       file.
    </StyledSmall>
    <StyledButtonContainer>
      <Button
        kind="primary"
        onClick={[Function]}
      >
        Copy theme to clipboard
      </Button>
    </StyledButtonContainer>
  </ModalBody>
</Modal>
`;
